
> atnature-slides@0.1.0 build
> next build

Attention: Next.js now collects completely anonymous telemetry regarding usage.
This information is used to shape Next.js' roadmap and prioritize features.
You can learn more, including how to opt-out if you'd not like to participate in this anonymous program, by visiting the following URL:
https://nextjs.org/telemetry

??Next.js 16.1.6 (Turbopack)

  Creating an optimized production build ...
??Compiled successfully in 5.9s
  Running TypeScript ...
  Collecting page data using 15 workers ...
  Generating static pages using 15 workers (0/4) ...
  Generating static pages using 15 workers (1/4) 
  Generating static pages using 15 workers (2/4) 
  Generating static pages using 15 workers (3/4) 
??Generating static pages using 15 workers (4/4) in 451.1ms
  Finalizing page optimization ...

Route (app)
????/
????/_not-found


?? (Static)  prerendered as static content

